      Prefix Verb   URI Pattern                  Controller#Action
    comments GET    /comments(.:format)          comments#index
             POST   /comments(.:format)          comments#create
 new_comment GET    /comments/new(.:format)      comments#new
edit_comment GET    /comments/:id/edit(.:format) comments#edit
     comment GET    /comments/:id(.:format)      comments#show
             PATCH  /comments/:id(.:format)      comments#update
             PUT    /comments/:id(.:format)      comments#update
             DELETE /comments/:id(.:format)      comments#destroy
      rajesh GET    /rajesh(.:format)            home#index
     rajesh1 GET    /rajesh1(.:format)           home#index1
        user POST   /user(.:format)              home#user
      update GET    /update(.:format)            home#update
